0u128 0x0000_0000_0000_0000_0000_0000_0000_0000u128
1u128 0x0000_0000_0000_0000_0000_0000_0000_0001u128
42u128 0x0000_0000_0000_0000_0000_0000_0000_002au128
0u128 0x0000_0000_0000_0000_0000_0000_0000_0000u128
340_282_366_920_938_463_463_374_607_431_768_211_455u128 0xffff_ffff_ffff_ffff_ffff_ffff_ffff_ffffu128
