hash_fold [||] -> 0x0000_0000_0000_0000_0000_0000_0000_0000u128
hash_fold [|0xfedc_ba98_7654_3210_0123_4567_89ab_cdefu128|] -> 0x6bc0_bad4_001a_c79a_3a7b_e286_a34a_7a71u128
hash_fold [|0x0000_0000_0000_0000_0000_0000_0000_0000u128|] -> 0xb465_a9ec_cd79_1cb6_4bbd_1bf2_7da9_18d6u128
hash_fold [|0x0123_4567_89ab_cdef_fedc_ba98_7654_3210u128|] -> 0x0eb8_4470_9565_7807_4f87_4a06_b0db_435eu128
hash_fold [|0xfedc_ba98_7654_3210_0123_4567_89ab_cdefu128; 0x0000_0000_0000_0000_0000_0000_0000_0000u128; 0x0123_4567_89ab_cdef_fedc_ba98_7654_3210u128|] -> 0x368d_c0ef_bb0a_0838_afb5_c175_06c0_c15eu128
