init 0 ~f:(fun i -> i) = Nil
init 1 ~f:(fun i -> i) = (0 Nil)
init 2 ~f:(fun i -> i) = (0 (1 Nil))
init 3 ~f:(fun i -> i) = (0 (1 (2 Nil)))
