cmp 0x0000u16 0x8000u16 -> Lt
0x0000u16 >= 0x8000u16 -> false
0x0000u16 <= 0x8000u16 -> true
0x0000u16 = 0x8000u16 -> false
0x0000u16 > 0x8000u16 -> false
0x0000u16 < 0x8000u16 -> true
0x0000u16 <> 0x8000u16 -> true
ascending 0x0000u16 0x8000u16 -> Lt
descending 0x0000u16 0x8000u16 -> Gt

cmp 0x0000u16 0xffffu16 -> Lt
0x0000u16 >= 0xffffu16 -> false
0x0000u16 <= 0xffffu16 -> true
0x0000u16 = 0xffffu16 -> false
0x0000u16 > 0xffffu16 -> false
0x0000u16 < 0xffffu16 -> true
0x0000u16 <> 0xffffu16 -> true
ascending 0x0000u16 0xffffu16 -> Lt
descending 0x0000u16 0xffffu16 -> Gt

cmp 0x8000u16 0xffffu16 -> Lt
0x8000u16 >= 0xffffu16 -> false
0x8000u16 <= 0xffffu16 -> true
0x8000u16 = 0xffffu16 -> false
0x8000u16 > 0xffffu16 -> false
0x8000u16 < 0xffffu16 -> true
0x8000u16 <> 0xffffu16 -> true
ascending 0x8000u16 0xffffu16 -> Lt
descending 0x8000u16 0xffffu16 -> Gt

clamp ~min:0x7fffu16 ~max:0x8001u16 0x7ffeu16 -> 0x7fffu16
between ~low:0x7fffu16 ~high:0x8001u16 0x7ffeu16 -> false

clamp ~min:0x7fffu16 ~max:0x8001u16 0x7fffu16 -> 0x7fffu16
between ~low:0x7fffu16 ~high:0x8001u16 0x7fffu16 -> true

clamp ~min:0x7fffu16 ~max:0x8001u16 0x8000u16 -> 0x8000u16
between ~low:0x7fffu16 ~high:0x8001u16 0x8000u16 -> true

clamp ~min:0x7fffu16 ~max:0x8001u16 0x8001u16 -> 0x8001u16
between ~low:0x7fffu16 ~high:0x8001u16 0x8001u16 -> true

clamp ~min:0x7fffu16 ~max:0x8001u16 0x8002u16 -> 0x8001u16
between ~low:0x7fffu16 ~high:0x8001u16 0x8002u16 -> false
