find "" -> None
find "abcde" -> 'c'
find "ab de" -> None
