hocc: Parsing "./A.hmh"
hocc: Generating LR(1) specification
hocc: 2 precedences, 8 tokens, 5 non-terminals (1 start), 8 productions
hocc: LR(1) item set compatibility: lr1
hocc: Generating LR(1) item set closures (+^.=add/split/merge)++++++^^+^^++++^^+^++^^^
hocc: Generating 25 LR(1) states
hocc: 0 unresolvable conflicts in 0 states
hocc: 0 unreachable states
hocc: 10 remergeable states
hocc: Reindexing 15 LR(1) states
hocc: Searching for unused precedences/tokens/non-terminals/productions
hocc: Generating text report
hocc: Generating hocc report
hocc: Writing "./hocc/A.txt"
hocc: Writing "./hocc/A.hmh"
