hocc: Parsing "./G2.hmh"
hocc: Generating PGM(1) specification
hocc: 0 precedences, 10 tokens, 8 non-terminals (1 start), 14 productions
hocc: LR(1) item set compatibility: weak
hocc: Generating LR(1) item set closures (+^.=add/split/merge)+++++++++^.+++++++..+^.......++^.++++...
hocc: Generating 27 LR(1) states
hocc: 0 unresolvable conflicts in 0 states
hocc: 1 unreachable state
hocc: Reindexing 26 LR(1) states
hocc: 0 remergeable states
hocc: Searching for unused precedences/tokens/non-terminals/productions
hocc: Generating text report
hocc: Generating hocc report
hocc: Writing "./hocc/G2.txt"
hocc: Writing "./hocc/G2.hmh"
