hocc: Parsing "./IelrFig3_apgm1.hmh"
hocc: Generating PGM(1) specification
hocc: 3 precedences, 4 tokens, 5 non-terminals (1 start), 10 productions
hocc: LR(1) item set compatibility: weak
hocc: Generating LR(1) item set closures (+^.=add/split/merge)+++++++.+++++++++++
hocc: Generating 19 LR(1) states
hocc: 0 unresolvable conflicts in 0 states
hocc: 0 unreachable states
hocc: 0 remergeable states
hocc: Searching for unused precedences/tokens/non-terminals/productions
hocc: 2 unused precedences:
hocc:    neutral p2 < p1
hocc:    neutral p3 < p2
hocc: 2 unused productions:
hocc:    B ::= Ta Ta prec p2
hocc:    C ::= Ta Ta prec p3
hocc: Generating text report
hocc: Generating hocc report
hocc: Writing "./hocc/IelrFig3_apgm1.txt"
hocc: Writing "./hocc/IelrFig3_apgm1.hmh"
