hocc: Parsing "./Menhir21Longer.hmh"
hocc: Generating PGM(1) specification
hocc: 0 precedences, 11 tokens, 8 non-terminals (1 start), 13 productions
hocc: LR(1) item set compatibility: weak
hocc: Generating LR(1) item set closures (+^.=add/split/merge)+++++++++++++++++++.++++++++..+............++++
hocc: Generating 33 LR(1) states
hocc: 0 unresolvable conflicts in 0 states
hocc: 0 unreachable states
hocc: 0 remergeable states
hocc: Searching for unused precedences/tokens/non-terminals/productions
hocc: Generating text report
hocc: Generating hocc report
hocc: Writing "./hocc/Menhir21Longer.txt"
hocc: Writing "./hocc/Menhir21Longer.hmh"
