hocc: Parsing "./Parse_error_delimited_rbrack.hmh"
hocc: At ["./Parse_error_delimited_rbrack.hmh":4:0.."./Parse_error_delimited_rbrack.hmh":4:0): Unexpected token
