hocc: Parsing "./Parse_error_delimited_rcapture.hmh"
hocc: At ["./Parse_error_delimited_rcapture.hmh":4:0.."./Parse_error_delimited_rcapture.hmh":4:0): Expected '|)'
