hocc: Parsing "./Unused.hmh"
hocc: Generating LR(1) specification
hocc: 2 precedences, 5 tokens, 5 non-terminals (1 start), 7 productions
hocc: LR(1) item set compatibility: lr1
hocc: Generating LR(1) item set closures (+^.=add/split/merge)++++
hocc: Generating 5 LR(1) states
hocc: 1 unresolvable conflict in 1 state (1 ‚ä•, 0 shift-reduce, 0 reduce-reduce)
hocc: 0 unreachable states
hocc: 0 remergeable states
hocc: Searching for unused precedences/tokens/non-terminals/productions
hocc: 2 unused precedences:
hocc:    neutral pUnusedA
hocc:    neutral pUnusedB < pUnusedA
hocc: 2 unused tokens:
hocc:    token TUnusedA prec pUnusedA
hocc:    token TUnusedB
hocc: 2 unused non-terminals:
hocc:    nonterm NUnusedA prec pUnusedA
hocc:    nonterm NUnusedB
hocc: 3 unused productions:
hocc:    NUnusedA ::= NUnusedB prec pUnusedA
hocc:    NUnusedA ::= epsilon prec pUnusedA
hocc:    NUnusedB ::= TUnusedA
hocc: Generating text report
hocc: Generating hocc report
hocc: Writing "./hocc/Unused.txt"
hocc: Writing "./hocc/Unused.hmh"
