hash_fold (of_klist []) -> 0xf255_7dfc_c4e8_fe52_28df_63b7_cc57_c3cbu128
hash_fold (of_klist [0]) -> 0x5813_89d3_d926_9f3c_ffb4_92a6_b118_4dfcu128
hash_fold (of_klist [0; 1]) -> 0x1fb6_2e2e_e975_1639_a1a8_f71f_e091_3f54u128
hash_fold (of_klist [0; 2]) -> 0x1fb6_2e2e_e975_1639_a1a8_f71f_e091_3f54u128
hash_fold (of_klist [2; 3]) -> 0x53b0_5405_22ff_9a4c_9692_83f9_4e79_db8fu128
