fold2 [] [] -> []
fold2 [] [0] -> [(None, Some (0, 0))]
fold2 [] [0; 1] -> [(None, Some (0, 0)); (None, Some (1, 100))]
fold2 [] [0; 1; 2] -> [(None, Some (0, 0)); (None, Some (2, 200)); (None, Some (1, 100))]
fold2 [] [0; 1; 66] -> [(None, Some (0, 0)); (None, Some (66, 6_600)); (None, Some (1, 100))]
fold2 [] [0; 1; 66; 91] -> [(None, Some (0, 0)); (None, Some (66, 6_600)); (None, Some (91, 9_100)); (None, Some (1, 100))]
fold2 [] [42; 420] -> [(None, Some (420, 42_000)); (None, Some (42, 4_200))]
fold2 [] [42; 420; 421] -> [(None, Some (421, 42_100)); (None, Some (420, 42_000)); (None, Some (42, 4_200))]
fold2 [] [42; 420; 4_200] -> [(None, Some (4_200, 420_000)); (None, Some (420, 42_000)); (None, Some (42, 4_200))]
fold2 [0] [0] -> [(Some (0, 0), Some (0, 0))]
fold2 [0] [0; 1] -> [(Some (0, 0), Some (0, 0)); (None, Some (1, 100))]
fold2 [0] [0; 1; 2] -> [(Some (0, 0), Some (0, 0)); (None, Some (2, 200)); (None, Some (1, 100))]
fold2 [0] [0; 1; 66] -> [(Some (0, 0), Some (0, 0)); (None, Some (66, 6_600)); (None, Some (1, 100))]
fold2 [0] [0; 1; 66; 91] -> [(Some (0, 0), Some (0, 0)); (None, Some (66, 6_600)); (None, Some (91, 9_100)); (None, Some (1, 100))]
fold2 [0] [42; 420] -> [(Some (0, 0), None); (None, Some (420, 42_000)); (None, Some (42, 4_200))]
fold2 [0] [42; 420; 421] -> [(Some (0, 0), None); (None, Some (421, 42_100)); (None, Some (420, 42_000)); (None, Some (42, 4_200))]
fold2 [0] [42; 420; 4_200] -> [(Some (0, 0), None); (None, Some (4_200, 420_000)); (None, Some (420, 42_000)); (None, Some (42, 4_200))]
fold2 [0; 1] [0; 1] -> [(Some (0, 0), Some (0, 0)); (Some (1, 100), Some (1, 100))]
fold2 [0; 1] [0; 1; 2] -> [(Some (0, 0), Some (0, 0)); (None, Some (2, 200)); (Some (1, 100), Some (1, 100))]
fold2 [0; 1] [0; 1; 66] -> [(Some (0, 0), Some (0, 0)); (None, Some (66, 6_600)); (Some (1, 100), Some (1, 100))]
fold2 [0; 1] [0; 1; 66; 91] -> [(Some (0, 0), Some (0, 0)); (None, Some (66, 6_600)); (None, Some (91, 9_100)); (Some (1, 100), Some (1, 100))]
fold2 [0; 1] [42; 420] -> [(Some (0, 0), None); (Some (1, 100), None); (None, Some (420, 42_000)); (None, Some (42, 4_200))]
fold2 [0; 1] [42; 420; 421] -> [(Some (0, 0), None); (Some (1, 100), None); (None, Some (421, 42_100)); (None, Some (420, 42_000)); (None, Some (42, 4_200))]
fold2 [0; 1] [42; 420; 4_200] -> [(Some (0, 0), None); (Some (1, 100), None); (None, Some (4_200, 420_000)); (None, Some (420, 42_000)); (None, Some (42, 4_200))]
fold2 [0; 1; 2] [0; 1; 2] -> [(Some (0, 0), Some (0, 0)); (Some (2, 200), Some (2, 200)); (Some (1, 100), Some (1, 100))]
fold2 [0; 1; 2] [0; 1; 66] -> [(Some (0, 0), Some (0, 0)); (Some (2, 200), None); (None, Some (66, 6_600)); (Some (1, 100), Some (1, 100))]
fold2 [0; 1; 2] [0; 1; 66; 91] -> [(Some (0, 0), Some (0, 0)); (Some (2, 200), None); (None, Some (66, 6_600)); (None, Some (91, 9_100)); (Some (1, 100), Some (1, 100))]
fold2 [0; 1; 2] [42; 420] -> [(Some (0, 0), None); (Some (2, 200), None); (Some (1, 100), None); (None, Some (420, 42_000)); (None, Some (42, 4_200))]
fold2 [0; 1; 2] [42; 420; 421] -> [(Some (0, 0), None); (Some (2, 200), None); (Some (1, 100), None); (None, Some (421, 42_100)); (None, Some (420, 42_000)); (None, Some (42, 4_200))]
fold2 [0; 1; 2] [42; 420; 4_200] -> [(Some (0, 0), None); (Some (2, 200), None); (Some (1, 100), None); (None, Some (4_200, 420_000)); (None, Some (420, 42_000)); (None, Some (42, 4_200))]
fold2 [0; 1; 66] [0; 1; 66] -> [(Some (0, 0), Some (0, 0)); (Some (66, 6_600), Some (66, 6_600)); (Some (1, 100), Some (1, 100))]
fold2 [0; 1; 66] [0; 1; 66; 91] -> [(Some (0, 0), Some (0, 0)); (Some (66, 6_600), Some (66, 6_600)); (None, Some (91, 9_100)); (Some (1, 100), Some (1, 100))]
fold2 [0; 1; 66] [42; 420] -> [(Some (0, 0), None); (Some (66, 6_600), None); (Some (1, 100), None); (None, Some (420, 42_000)); (None, Some (42, 4_200))]
fold2 [0; 1; 66] [42; 420; 421] -> [(Some (0, 0), None); (Some (66, 6_600), None); (Some (1, 100), None); (None, Some (421, 42_100)); (None, Some (420, 42_000)); (None, Some (42, 4_200))]
fold2 [0; 1; 66] [42; 420; 4_200] -> [(Some (0, 0), None); (Some (66, 6_600), None); (Some (1, 100), None); (None, Some (4_200, 420_000)); (None, Some (420, 42_000)); (None, Some (42, 4_200))]
fold2 [0; 1; 66; 91] [0; 1; 66; 91] -> [(Some (0, 0), Some (0, 0)); (Some (66, 6_600), Some (66, 6_600)); (Some (91, 9_100), Some (91, 9_100)); (Some (1, 100), Some (1, 100))]
fold2 [0; 1; 66; 91] [42; 420] -> [(Some (0, 0), None); (Some (66, 6_600), None); (Some (91, 9_100), None); (Some (1, 100), None); (None, Some (420, 42_000)); (None, Some (42, 4_200))]
fold2 [0; 1; 66; 91] [42; 420; 421] -> [(Some (0, 0), None); (Some (66, 6_600), None); (Some (91, 9_100), None); (Some (1, 100), None); (None, Some (421, 42_100)); (None, Some (420, 42_000)); (None, Some (42, 4_200))]
fold2 [0; 1; 66; 91] [42; 420; 4_200] -> [(Some (0, 0), None); (Some (66, 6_600), None); (Some (91, 9_100), None); (Some (1, 100), None); (None, Some (4_200, 420_000)); (None, Some (420, 42_000)); (None, Some (42, 4_200))]
fold2 [42; 420] [42; 420] -> [(Some (420, 42_000), Some (420, 42_000)); (Some (42, 4_200), Some (42, 4_200))]
fold2 [42; 420] [42; 420; 421] -> [(None, Some (421, 42_100)); (Some (420, 42_000), Some (420, 42_000)); (Some (42, 4_200), Some (42, 4_200))]
fold2 [42; 420] [42; 420; 4_200] -> [(None, Some (4_200, 420_000)); (Some (420, 42_000), Some (420, 42_000)); (Some (42, 4_200), Some (42, 4_200))]
fold2 [42; 420; 421] [42; 420; 421] -> [(Some (421, 42_100), Some (421, 42_100)); (Some (420, 42_000), Some (420, 42_000)); (Some (42, 4_200), Some (42, 4_200))]
fold2 [42; 420; 421] [42; 420; 4_200] -> [(Some (421, 42_100), None); (None, Some (4_200, 420_000)); (Some (420, 42_000), Some (420, 42_000)); (Some (42, 4_200), Some (42, 4_200))]
fold2 [42; 420; 4_200] [42; 420; 4_200] -> [(Some (4_200, 420_000), Some (4_200, 420_000)); (Some (420, 42_000), Some (420, 42_000)); (Some (42, 4_200), Some (42, 4_200))]
