floor_pow2,ceil_pow2 0x0000_0000_0000_0001 -> 0x0000_0000_0000_0001, 0x0000_0000_0000_0001
floor_pow2,ceil_pow2 0x0000_0000_0000_0002 -> 0x0000_0000_0000_0002, 0x0000_0000_0000_0002
floor_pow2,ceil_pow2 0x0000_0000_0000_0003 -> 0x0000_0000_0000_0002, 0x0000_0000_0000_0004
floor_pow2,ceil_pow2 0x0000_0000_0000_0000_8000_0000_0000_0000 -> 0x0000_0000_0000_0000_8000_0000_0000_0000, 0x0000_0000_0000_0000_8000_0000_0000_0000
floor_pow2,ceil_pow2 0x0000_0000_0000_0000_ffff_ffff_ffff_ffff -> 0x0000_0000_0000_0000_8000_0000_0000_0000, 0x0000_0000_0000_0001_0000_0000_0000_0000
floor_pow2,ceil_pow2 0x0000_0000_0000_0000_8000_0000_0000_0000_0000_0000_0000_0000 -> 0x0000_0000_0000_0000_8000_0000_0000_0000_0000_0000_0000_0000, 0x0000_0000_0000_0000_8000_0000_0000_0000_0000_0000_0000_0000
floor_pow2,ceil_pow2 0x0000_0000_0000_0000_ffff_ffff_ffff_ffff_ffff_ffff_ffff_ffff -> 0x0000_0000_0000_0000_8000_0000_0000_0000_0000_0000_0000_0000, 0x0000_0000_0000_0001_0000_0000_0000_0000_0000_0000_0000_0000
floor_pow2,ceil_pow2 0x0000_0000_0000_0000_8000_0000_0000_0000_0000_0000_0000_0000_0000_0000_0000_0000_0000_0000_0000_0000 -> 0x0000_0000_0000_0000_8000_0000_0000_0000_0000_0000_0000_0000_0000_0000_0000_0000_0000_0000_0000_0000, 0x0000_0000_0000_0000_8000_0000_0000_0000_0000_0000_0000_0000_0000_0000_0000_0000_0000_0000_0000_0000
floor_pow2,ceil_pow2 0x0000_0000_0000_0000_ffff_ffff_ffff_ffff_ffff_ffff_ffff_ffff_ffff_ffff_ffff_ffff_ffff_ffff_ffff_ffff -> 0x0000_0000_0000_0000_8000_0000_0000_0000_0000_0000_0000_0000_0000_0000_0000_0000_0000_0000_0000_0000, 0x0000_0000_0000_0001_0000_0000_0000_0000_0000_0000_0000_0000_0000_0000_0000_0000_0000_0000_0000_0000
