extend_to_zint -0x8000_0000_0000_0000_0000_0000_0000_0000i128 -> -0x8000_0000_0000_0000_0000_0000_0000_0000z
extend_to_zint -0x1i128 -> -0x1z
extend_to_zint 0x0i128 -> 0x0z
extend_to_zint 0x1i128 -> 0x1z
extend_to_zint 0x7fff_ffff_ffff_ffff_ffff_ffff_ffff_ffffi128 -> 0x7fff_ffff_ffff_ffff_ffff_ffff_ffff_ffffz

trunc_of_zint/narrow_of_zint_opt -0x1z -> -0x1i128/Some -1i128
trunc_of_zint/narrow_of_zint_opt 0x0z -> 0x0i128/Some 0i128
trunc_of_zint/narrow_of_zint_opt 0x1z -> 0x1i128/Some 1i128
trunc_of_zint/narrow_of_zint_opt 0x7fff_ffff_ffff_ffff_ffff_ffff_ffff_ffffz -> 0x7fff_ffff_ffff_ffff_ffff_ffff_ffff_ffffi128/Some 170_141_183_460_469_231_731_687_303_715_884_105_727i128
trunc_of_zint/narrow_of_zint_opt 0x8000_0000_0000_0000_0000_0000_0000_0000z -> -0x8000_0000_0000_0000_0000_0000_0000_0000i128/None
trunc_of_zint/narrow_of_zint_opt 0xffff_ffff_ffff_ffff_ffff_ffff_ffff_ffffz -> -0x1i128/None
trunc_of_zint/narrow_of_zint_opt 0x1_0000_0000_0000_0000_0000_0000_0000_0000z -> 0x0i128/None
trunc_of_zint/narrow_of_zint_opt 0x1_ffff_ffff_ffff_ffff_ffff_ffff_ffff_ffffz -> -0x1i128/None
