bit_length=8
min_value=-128i8 -0x80i8
max_value=127i8 0x7fi8
