0x0p0
0x1p0
inf
nan
-0x0p0
-0x1p0
-inf
-0x1.f0fp0
-0x1.f0fp42
-0x1.f0ep42
-0x1.f0cp42
-0x1.f08p42
-0x1.f0ep42
-0x1.f0cp42
-0x1.f08p42
