is_pow2 0x0000_0000_0000_0000_0000_0000_0000_0000_0000_0000_0000_0000_0000_0000_0000_0000u256 -> false
is_pow2 0x0000_0000_0000_0000_0000_0000_0000_0000_0000_0000_0000_0000_0000_0000_0000_0001u256 -> true
is_pow2 0x0000_0000_0000_0000_0000_0000_0000_0000_0000_0000_0000_0000_0000_0000_0000_0002u256 -> true
is_pow2 0x0000_0000_0000_0000_0000_0000_0000_0000_0000_0000_0000_0000_0000_0000_0000_0003u256 -> false
is_pow2 0x8000_0000_0000_0000_0000_0000_0000_0000_0000_0000_0000_0000_0000_0000_0000_0000u256 -> true
is_pow2 0xffff_ffff_ffff_ffff_ffff_ffff_ffff_ffff_ffff_ffff_ffff_ffff_ffff_ffff_ffff_ffffu256 -> false
