max_value + 1u256 -> 0x0000_0000_0000_0000_0000_0000_0000_0000_0000_0000_0000_0000_0000_0000_0000_0000u256
min_value - 1u256 -> 0xffff_ffff_ffff_ffff_ffff_ffff_ffff_ffff_ffff_ffff_ffff_ffff_ffff_ffff_ffff_ffffu256
max_value * 15u256 -> 0xffff_ffff_ffff_ffff_ffff_ffff_ffff_ffff_ffff_ffff_ffff_ffff_ffff_ffff_ffff_fff1u256
