0x0000_0000_0000_0000_0000_0000_0000_0000_0000_0000_0000_0000_0000_0000_0000_0000u256 +,- 0x0000_0000_0000_0000_0000_0000_0000_0000_0000_0000_0000_0000_0000_0000_0000_0000u256 -> 0x0000_0000_0000_0000_0000_0000_0000_0000_0000_0000_0000_0000_0000_0000_0000_0000u256, 0x0000_0000_0000_0000_0000_0000_0000_0000_0000_0000_0000_0000_0000_0000_0000_0000u256
0x0000_0000_0000_0000_0000_0000_0000_0000_0000_0000_0000_0000_0000_0000_0000_0000u256 +,- 0x0000_0000_0000_0000_0000_0000_0000_0000_0000_0000_0000_0000_0000_0000_0000_0001u256 -> 0x0000_0000_0000_0000_0000_0000_0000_0000_0000_0000_0000_0000_0000_0000_0000_0001u256, 0xffff_ffff_ffff_ffff_ffff_ffff_ffff_ffff_ffff_ffff_ffff_ffff_ffff_ffff_ffff_ffffu256
0x0000_0000_0000_0000_0000_0000_0000_0000_0000_0000_0000_0000_0000_0000_0000_0001u256 +,- 0x0000_0000_0000_0000_0000_0000_0000_0000_0000_0000_0000_0000_0000_0000_0000_0000u256 -> 0x0000_0000_0000_0000_0000_0000_0000_0000_0000_0000_0000_0000_0000_0000_0000_0001u256, 0x0000_0000_0000_0000_0000_0000_0000_0000_0000_0000_0000_0000_0000_0000_0000_0001u256
0x0000_0000_0000_0000_0000_0000_0000_0000_0000_0000_0000_0000_0000_0000_0000_0001u256 +,- 0x0000_0000_0000_0000_0000_0000_0000_0000_0000_0000_0000_0000_ffff_ffff_ffff_ffffu256 -> 0x0000_0000_0000_0000_0000_0000_0000_0000_0000_0000_0000_0001_0000_0000_0000_0000u256, 0xffff_ffff_ffff_ffff_ffff_ffff_ffff_ffff_ffff_ffff_ffff_ffff_0000_0000_0000_0002u256
0x0000_0000_0000_0000_0000_0000_0000_0000_0000_0000_0000_0000_ffff_ffff_ffff_ffffu256 +,- 0x0000_0000_0000_0000_0000_0000_0000_0000_0000_0000_0000_0000_0000_0000_0000_0001u256 -> 0x0000_0000_0000_0000_0000_0000_0000_0000_0000_0000_0000_0001_0000_0000_0000_0000u256, 0x0000_0000_0000_0000_0000_0000_0000_0000_0000_0000_0000_0000_ffff_ffff_ffff_fffeu256
0x0000_0000_0000_0000_0000_0000_0000_0000_0000_0000_0000_0000_0000_0000_0000_0001u256 +,- 0x0000_0000_0000_0000_0000_0000_0000_0000_ffff_ffff_ffff_ffff_ffff_ffff_ffff_ffffu256 -> 0x0000_0000_0000_0000_0000_0000_0000_0001_0000_0000_0000_0000_0000_0000_0000_0000u256, 0xffff_ffff_ffff_ffff_ffff_ffff_ffff_ffff_0000_0000_0000_0000_0000_0000_0000_0002u256
0x0000_0000_0000_0000_0000_0000_0000_0000_ffff_ffff_ffff_ffff_ffff_ffff_ffff_ffffu256 +,- 0x0000_0000_0000_0000_0000_0000_0000_0000_0000_0000_0000_0000_0000_0000_0000_0001u256 -> 0x0000_0000_0000_0000_0000_0000_0000_0001_0000_0000_0000_0000_0000_0000_0000_0000u256, 0x0000_0000_0000_0000_0000_0000_0000_0000_ffff_ffff_ffff_ffff_ffff_ffff_ffff_fffeu256
0x0000_0000_0000_0000_0000_0000_0000_0000_0000_0000_0000_0000_0000_0000_0000_0001u256 +,- 0xffff_ffff_ffff_ffff_ffff_ffff_ffff_ffff_ffff_ffff_ffff_ffff_ffff_ffff_ffff_ffffu256 -> 0x0000_0000_0000_0000_0000_0000_0000_0000_0000_0000_0000_0000_0000_0000_0000_0000u256, 0x0000_0000_0000_0000_0000_0000_0000_0000_0000_0000_0000_0000_0000_0000_0000_0002u256
0xffff_ffff_ffff_ffff_ffff_ffff_ffff_ffff_ffff_ffff_ffff_ffff_ffff_ffff_ffff_ffffu256 +,- 0x0000_0000_0000_0000_0000_0000_0000_0000_0000_0000_0000_0000_0000_0000_0000_0001u256 -> 0x0000_0000_0000_0000_0000_0000_0000_0000_0000_0000_0000_0000_0000_0000_0000_0000u256, 0xffff_ffff_ffff_ffff_ffff_ffff_ffff_ffff_ffff_ffff_ffff_ffff_ffff_ffff_ffff_fffeu256
