cmp 0x0000_0000_0000_0000_0000_0000_0000_0000_0000_0000_0000_0000_0000_0000_0000_0000u256 0x8000_0000_0000_0000_0000_0000_0000_0000_0000_0000_0000_0000_0000_0000_0000_0000u256 -> Lt
0x0000_0000_0000_0000_0000_0000_0000_0000_0000_0000_0000_0000_0000_0000_0000_0000u256 >= 0x8000_0000_0000_0000_0000_0000_0000_0000_0000_0000_0000_0000_0000_0000_0000_0000u256 -> false
0x0000_0000_0000_0000_0000_0000_0000_0000_0000_0000_0000_0000_0000_0000_0000_0000u256 <= 0x8000_0000_0000_0000_0000_0000_0000_0000_0000_0000_0000_0000_0000_0000_0000_0000u256 -> true
0x0000_0000_0000_0000_0000_0000_0000_0000_0000_0000_0000_0000_0000_0000_0000_0000u256 = 0x8000_0000_0000_0000_0000_0000_0000_0000_0000_0000_0000_0000_0000_0000_0000_0000u256 -> false
0x0000_0000_0000_0000_0000_0000_0000_0000_0000_0000_0000_0000_0000_0000_0000_0000u256 > 0x8000_0000_0000_0000_0000_0000_0000_0000_0000_0000_0000_0000_0000_0000_0000_0000u256 -> false
0x0000_0000_0000_0000_0000_0000_0000_0000_0000_0000_0000_0000_0000_0000_0000_0000u256 < 0x8000_0000_0000_0000_0000_0000_0000_0000_0000_0000_0000_0000_0000_0000_0000_0000u256 -> true
0x0000_0000_0000_0000_0000_0000_0000_0000_0000_0000_0000_0000_0000_0000_0000_0000u256 <> 0x8000_0000_0000_0000_0000_0000_0000_0000_0000_0000_0000_0000_0000_0000_0000_0000u256 -> true
ascending 0x0000_0000_0000_0000_0000_0000_0000_0000_0000_0000_0000_0000_0000_0000_0000_0000u256 0x8000_0000_0000_0000_0000_0000_0000_0000_0000_0000_0000_0000_0000_0000_0000_0000u256 -> Lt
descending 0x0000_0000_0000_0000_0000_0000_0000_0000_0000_0000_0000_0000_0000_0000_0000_0000u256 0x8000_0000_0000_0000_0000_0000_0000_0000_0000_0000_0000_0000_0000_0000_0000_0000u256 -> Gt

cmp 0x0000_0000_0000_0000_0000_0000_0000_0000_0000_0000_0000_0000_0000_0000_0000_0000u256 0xffff_ffff_ffff_ffff_ffff_ffff_ffff_ffff_ffff_ffff_ffff_ffff_ffff_ffff_ffff_ffffu256 -> Lt
0x0000_0000_0000_0000_0000_0000_0000_0000_0000_0000_0000_0000_0000_0000_0000_0000u256 >= 0xffff_ffff_ffff_ffff_ffff_ffff_ffff_ffff_ffff_ffff_ffff_ffff_ffff_ffff_ffff_ffffu256 -> false
0x0000_0000_0000_0000_0000_0000_0000_0000_0000_0000_0000_0000_0000_0000_0000_0000u256 <= 0xffff_ffff_ffff_ffff_ffff_ffff_ffff_ffff_ffff_ffff_ffff_ffff_ffff_ffff_ffff_ffffu256 -> true
0x0000_0000_0000_0000_0000_0000_0000_0000_0000_0000_0000_0000_0000_0000_0000_0000u256 = 0xffff_ffff_ffff_ffff_ffff_ffff_ffff_ffff_ffff_ffff_ffff_ffff_ffff_ffff_ffff_ffffu256 -> false
0x0000_0000_0000_0000_0000_0000_0000_0000_0000_0000_0000_0000_0000_0000_0000_0000u256 > 0xffff_ffff_ffff_ffff_ffff_ffff_ffff_ffff_ffff_ffff_ffff_ffff_ffff_ffff_ffff_ffffu256 -> false
0x0000_0000_0000_0000_0000_0000_0000_0000_0000_0000_0000_0000_0000_0000_0000_0000u256 < 0xffff_ffff_ffff_ffff_ffff_ffff_ffff_ffff_ffff_ffff_ffff_ffff_ffff_ffff_ffff_ffffu256 -> true
0x0000_0000_0000_0000_0000_0000_0000_0000_0000_0000_0000_0000_0000_0000_0000_0000u256 <> 0xffff_ffff_ffff_ffff_ffff_ffff_ffff_ffff_ffff_ffff_ffff_ffff_ffff_ffff_ffff_ffffu256 -> true
ascending 0x0000_0000_0000_0000_0000_0000_0000_0000_0000_0000_0000_0000_0000_0000_0000_0000u256 0xffff_ffff_ffff_ffff_ffff_ffff_ffff_ffff_ffff_ffff_ffff_ffff_ffff_ffff_ffff_ffffu256 -> Lt
descending 0x0000_0000_0000_0000_0000_0000_0000_0000_0000_0000_0000_0000_0000_0000_0000_0000u256 0xffff_ffff_ffff_ffff_ffff_ffff_ffff_ffff_ffff_ffff_ffff_ffff_ffff_ffff_ffff_ffffu256 -> Gt

cmp 0x8000_0000_0000_0000_0000_0000_0000_0000_0000_0000_0000_0000_0000_0000_0000_0000u256 0x7fff_ffff_ffff_ffff_ffff_ffff_ffff_ffff_ffff_ffff_ffff_ffff_ffff_ffff_ffff_ffffu256 -> Gt
0x8000_0000_0000_0000_0000_0000_0000_0000_0000_0000_0000_0000_0000_0000_0000_0000u256 >= 0x7fff_ffff_ffff_ffff_ffff_ffff_ffff_ffff_ffff_ffff_ffff_ffff_ffff_ffff_ffff_ffffu256 -> true
0x8000_0000_0000_0000_0000_0000_0000_0000_0000_0000_0000_0000_0000_0000_0000_0000u256 <= 0x7fff_ffff_ffff_ffff_ffff_ffff_ffff_ffff_ffff_ffff_ffff_ffff_ffff_ffff_ffff_ffffu256 -> false
0x8000_0000_0000_0000_0000_0000_0000_0000_0000_0000_0000_0000_0000_0000_0000_0000u256 = 0x7fff_ffff_ffff_ffff_ffff_ffff_ffff_ffff_ffff_ffff_ffff_ffff_ffff_ffff_ffff_ffffu256 -> false
0x8000_0000_0000_0000_0000_0000_0000_0000_0000_0000_0000_0000_0000_0000_0000_0000u256 > 0x7fff_ffff_ffff_ffff_ffff_ffff_ffff_ffff_ffff_ffff_ffff_ffff_ffff_ffff_ffff_ffffu256 -> true
0x8000_0000_0000_0000_0000_0000_0000_0000_0000_0000_0000_0000_0000_0000_0000_0000u256 < 0x7fff_ffff_ffff_ffff_ffff_ffff_ffff_ffff_ffff_ffff_ffff_ffff_ffff_ffff_ffff_ffffu256 -> false
0x8000_0000_0000_0000_0000_0000_0000_0000_0000_0000_0000_0000_0000_0000_0000_0000u256 <> 0x7fff_ffff_ffff_ffff_ffff_ffff_ffff_ffff_ffff_ffff_ffff_ffff_ffff_ffff_ffff_ffffu256 -> true
ascending 0x8000_0000_0000_0000_0000_0000_0000_0000_0000_0000_0000_0000_0000_0000_0000_0000u256 0x7fff_ffff_ffff_ffff_ffff_ffff_ffff_ffff_ffff_ffff_ffff_ffff_ffff_ffff_ffff_ffffu256 -> Gt
descending 0x8000_0000_0000_0000_0000_0000_0000_0000_0000_0000_0000_0000_0000_0000_0000_0000u256 0x7fff_ffff_ffff_ffff_ffff_ffff_ffff_ffff_ffff_ffff_ffff_ffff_ffff_ffff_ffff_ffffu256 -> Lt

clamp ~min:0x7fff_ffff_ffff_ffff_ffff_ffff_ffff_ffff_ffff_ffff_ffff_ffff_ffff_ffff_ffff_ffffu256 ~max:0x8000_0000_0000_0000_0000_0000_0000_0000_0000_0000_0000_0000_0000_0000_0000_0001u256 0x7fff_ffff_ffff_ffff_ffff_ffff_ffff_ffff_ffff_ffff_ffff_ffff_ffff_ffff_ffff_fffeu256 -> 0x7fff_ffff_ffff_ffff_ffff_ffff_ffff_ffff_ffff_ffff_ffff_ffff_ffff_ffff_ffff_ffffu256
between ~low:0x7fff_ffff_ffff_ffff_ffff_ffff_ffff_ffff_ffff_ffff_ffff_ffff_ffff_ffff_ffff_ffffu256 ~high:0x8000_0000_0000_0000_0000_0000_0000_0000_0000_0000_0000_0000_0000_0000_0000_0001u256 0x7fff_ffff_ffff_ffff_ffff_ffff_ffff_ffff_ffff_ffff_ffff_ffff_ffff_ffff_ffff_fffeu256 -> false

clamp ~min:0x7fff_ffff_ffff_ffff_ffff_ffff_ffff_ffff_ffff_ffff_ffff_ffff_ffff_ffff_ffff_ffffu256 ~max:0x8000_0000_0000_0000_0000_0000_0000_0000_0000_0000_0000_0000_0000_0000_0000_0001u256 0x7fff_ffff_ffff_ffff_ffff_ffff_ffff_ffff_ffff_ffff_ffff_ffff_ffff_ffff_ffff_ffffu256 -> 0x7fff_ffff_ffff_ffff_ffff_ffff_ffff_ffff_ffff_ffff_ffff_ffff_ffff_ffff_ffff_ffffu256
between ~low:0x7fff_ffff_ffff_ffff_ffff_ffff_ffff_ffff_ffff_ffff_ffff_ffff_ffff_ffff_ffff_ffffu256 ~high:0x8000_0000_0000_0000_0000_0000_0000_0000_0000_0000_0000_0000_0000_0000_0000_0001u256 0x7fff_ffff_ffff_ffff_ffff_ffff_ffff_ffff_ffff_ffff_ffff_ffff_ffff_ffff_ffff_ffffu256 -> true

clamp ~min:0x7fff_ffff_ffff_ffff_ffff_ffff_ffff_ffff_ffff_ffff_ffff_ffff_ffff_ffff_ffff_ffffu256 ~max:0x8000_0000_0000_0000_0000_0000_0000_0000_0000_0000_0000_0000_0000_0000_0000_0001u256 0x8000_0000_0000_0000_0000_0000_0000_0000_0000_0000_0000_0000_0000_0000_0000_0000u256 -> 0x8000_0000_0000_0000_0000_0000_0000_0000_0000_0000_0000_0000_0000_0000_0000_0000u256
between ~low:0x7fff_ffff_ffff_ffff_ffff_ffff_ffff_ffff_ffff_ffff_ffff_ffff_ffff_ffff_ffff_ffffu256 ~high:0x8000_0000_0000_0000_0000_0000_0000_0000_0000_0000_0000_0000_0000_0000_0000_0001u256 0x8000_0000_0000_0000_0000_0000_0000_0000_0000_0000_0000_0000_0000_0000_0000_0000u256 -> true

clamp ~min:0x7fff_ffff_ffff_ffff_ffff_ffff_ffff_ffff_ffff_ffff_ffff_ffff_ffff_ffff_ffff_ffffu256 ~max:0x8000_0000_0000_0000_0000_0000_0000_0000_0000_0000_0000_0000_0000_0000_0000_0001u256 0x8000_0000_0000_0000_0000_0000_0000_0000_0000_0000_0000_0000_0000_0000_0000_0001u256 -> 0x8000_0000_0000_0000_0000_0000_0000_0000_0000_0000_0000_0000_0000_0000_0000_0001u256
between ~low:0x7fff_ffff_ffff_ffff_ffff_ffff_ffff_ffff_ffff_ffff_ffff_ffff_ffff_ffff_ffff_ffffu256 ~high:0x8000_0000_0000_0000_0000_0000_0000_0000_0000_0000_0000_0000_0000_0000_0000_0001u256 0x8000_0000_0000_0000_0000_0000_0000_0000_0000_0000_0000_0000_0000_0000_0000_0001u256 -> true

clamp ~min:0x7fff_ffff_ffff_ffff_ffff_ffff_ffff_ffff_ffff_ffff_ffff_ffff_ffff_ffff_ffff_ffffu256 ~max:0x8000_0000_0000_0000_0000_0000_0000_0000_0000_0000_0000_0000_0000_0000_0000_0001u256 0x8000_0000_0000_0000_0000_0000_0000_0000_0000_0000_0000_0000_0000_0000_0000_0002u256 -> 0x8000_0000_0000_0000_0000_0000_0000_0000_0000_0000_0000_0000_0000_0000_0000_0001u256
between ~low:0x7fff_ffff_ffff_ffff_ffff_ffff_ffff_ffff_ffff_ffff_ffff_ffff_ffff_ffff_ffff_ffffu256 ~high:0x8000_0000_0000_0000_0000_0000_0000_0000_0000_0000_0000_0000_0000_0000_0000_0001u256 0x8000_0000_0000_0000_0000_0000_0000_0000_0000_0000_0000_0000_0000_0000_0000_0002u256 -> false
