of_string "0" -> 0x0000_0000_0000_0000_0000_0000_0000_0000_0000_0000_0000_0000_0000_0000_0000_0000u256
of_string "1" -> 0x0000_0000_0000_0000_0000_0000_0000_0000_0000_0000_0000_0000_0000_0000_0000_0001u256
of_string "9876543210" -> 0x0000_0000_0000_0000_0000_0000_0000_0000_0000_0000_0000_0000_0000_0002_4cb0_16eau256
of_string "9876543210_" -> 0x0000_0000_0000_0000_0000_0000_0000_0000_0000_0000_0000_0000_0000_0002_4cb0_16eau256
of_string "9u256" -> 0x0000_0000_0000_0000_0000_0000_0000_0000_0000_0000_0000_0000_0000_0000_0000_0009u256
of_string "9_u256" -> 0x0000_0000_0000_0000_0000_0000_0000_0000_0000_0000_0000_0000_0000_0000_0000_0009u256
of_string "115792089237316195423570985008687907853269984665640564039457584007913129639935" -> 0xffff_ffff_ffff_ffff_ffff_ffff_ffff_ffff_ffff_ffff_ffff_ffff_ffff_ffff_ffff_ffffu256
of_string "0b0" -> 0x0000_0000_0000_0000_0000_0000_0000_0000_0000_0000_0000_0000_0000_0000_0000_0000u256
of_string "0b1" -> 0x0000_0000_0000_0000_0000_0000_0000_0000_0000_0000_0000_0000_0000_0000_0000_0001u256
of_string "0b10" -> 0x0000_0000_0000_0000_0000_0000_0000_0000_0000_0000_0000_0000_0000_0000_0000_0002u256
of_string "0b10_" -> 0x0000_0000_0000_0000_0000_0000_0000_0000_0000_0000_0000_0000_0000_0000_0000_0002u256
of_string "0b1u256" -> 0x0000_0000_0000_0000_0000_0000_0000_0000_0000_0000_0000_0000_0000_0000_0000_0001u256
of_string "0b_1_u256" -> 0x0000_0000_0000_0000_0000_0000_0000_0000_0000_0000_0000_0000_0000_0000_0000_0001u256
of_string "0b_11111111_11111111_11111111_11111111_11111111_11111111_11111111_11111111_11111111_11111111_11111111_11111111_11111111_11111111_11111111_11111111_11111111_11111111_11111111_11111111_11111111_11111111_11111111_11111111_11111111_11111111_11111111_11111111_11111111_11111111_11111111_11111111" -> 0xffff_ffff_ffff_ffff_ffff_ffff_ffff_ffff_ffff_ffff_ffff_ffff_ffff_ffff_ffff_ffffu256
of_string "0x0" -> 0x0000_0000_0000_0000_0000_0000_0000_0000_0000_0000_0000_0000_0000_0000_0000_0000u256
of_string "0x1" -> 0x0000_0000_0000_0000_0000_0000_0000_0000_0000_0000_0000_0000_0000_0000_0000_0001u256
of_string "0xfedcba9876543210" -> 0x0000_0000_0000_0000_0000_0000_0000_0000_0000_0000_0000_0000_fedc_ba98_7654_3210u256
of_string "0xfedcba9876543210_" -> 0x0000_0000_0000_0000_0000_0000_0000_0000_0000_0000_0000_0000_fedc_ba98_7654_3210u256
of_string "0xfu256" -> 0x0000_0000_0000_0000_0000_0000_0000_0000_0000_0000_0000_0000_0000_0000_0000_000fu256
of_string "0x_f_u256" -> 0x0000_0000_0000_0000_0000_0000_0000_0000_0000_0000_0000_0000_0000_0000_0000_000fu256
of_string "0x_ffff_ffff_ffff_ffff_ffff_ffff_ffff_ffff_ffff_ffff_ffff_ffff_ffff_ffff_ffff_ffff" -> 0xffff_ffff_ffff_ffff_ffff_ffff_ffff_ffff_ffff_ffff_ffff_ffff_ffff_ffff_ffff_ffffu256
