** pow int_pow 0x3. ~p:-3i -> 0x0.097b_425e_d097_b4 0x0.097b_425e_d097_b4 0x0.097b_425e_d097_b4
** pow int_pow -0x1. ~p:61i -> -0x1. -0x1. -0x1.
** pow int_pow 0x1. ~p:61i -> 0x1. 0x1. 0x1.
** pow int_pow 0x2. ~p:-1i -> 0x0.8 0x0.8 0x0.8
** pow int_pow 0x2. ~p:0i -> 0x1. 0x1. 0x1.
** pow int_pow 0x2. ~p:1i -> 0x2. 0x2. 0x2.
** pow int_pow 0x2. ~p:2i -> 0x4. 0x4. 0x4.
** pow int_pow 0x2. ~p:61i -> 0x1p61 0x1p61 0x1p61
** pow int_pow 0xa. ~p:7i -> 0x98_9680. 0x98_9680. 0x98_9680.
** pow int_pow 0x2.b7e1_5162_8aed_2 ~p:-1i -> 0x0.5e2d_58d8_b3bc_e 0x0.5e2d_58d8_b3bc_e 0x0.5e2d_58d8_b3bc_e
** pow int_pow 0x2.b7e1_5162_8aed_2 ~p:0i -> 0x1. 0x1. 0x1.
** pow int_pow 0x2.b7e1_5162_8aed_2 ~p:1i -> 0x2.b7e1_5162_8aed_2 0x2.b7e1_5162_8aed_2 0x2.b7e1_5162_8aed_2
** pow int_pow 0x2.b7e1_5162_8aed_2 ~p:2i -> 0x7.6399_2e35_376b_4 0x7.6399_2e35_376b_4 0x7.6399_2e35_376b_4
