[rev_]filteri [] -> [] / []
[rev_]filteri [0] -> [0] / [0]
[rev_]filteri [0; 1] -> [0] / [0]
[rev_]filteri [0; 1; 2] -> [0; 2] / [2; 0]
[rev_]filteri [0; 1; 2; 3] -> [0; 2] / [2; 0]
[rev_]filteri [0; 1; 2; 3; 4] -> [0; 2; 4] / [4; 2; 0]
