-2147483648i32 -0x8000_0000i32
-1i32 -0x0000_0001i32
0i32 0x0000_0000i32
1i32 0x0000_0001i32
2147483647i32 0x7fff_ffffi32
