of_real -0x1. -> -0x0000_0001i32; to_real -> -0x1.
of_real 0x0. -> 0x0000_0000i32; to_real -> 0x0.
of_real 0x0.88 -> 0x0000_0000i32; to_real -> 0x0.
of_real 0x1. -> 0x0000_0001i32; to_real -> 0x1.
of_real 0x1_ffff_ffff_ffff.f -> 0x7fff_ffffi32; to_real -> 0x7fff_ffff.
of_real 0x1f_ffff_ffff_ffff. -> 0x7fff_ffffi32; to_real -> 0x7fff_ffff.
of_real 0x1ff_ffff_ffff_fff0. -> 0x7fff_fff0i32; to_real -> 0x7fff_fff0.
of_real 0x3fff_ffff_ffff_fe00. -> 0x7fff_fe00i32; to_real -> 0x7fff_fe00.
of_real 0x1p30 -> 0x4000_0000i32; to_real -> 0x1p30
of_real 0x1p31 -> 0x0000_0000i32; to_real -> 0x0.

to_real -0x0000_0001i32 -> -0x1.; of_real -> -0x0000_0001i32
to_real 0x0000_0000i32 -> 0x0.; of_real -> 0x0000_0000i32
to_real 0x0000_0001i32 -> 0x1.; of_real -> 0x0000_0001i32
to_real 0x7fff_ffffi32 -> 0x7fff_ffff.; of_real -> 0x7fff_ffffi32
